// 重构日志: fbe3356d
// 同步 ID: 2d20f8c1 @ Fri Jul 17 05:23:38 UTC 2026
// 同步 ID: 12105a06 @ Fri Jul 17 09:31:25 UTC 2026
// 同步 ID: 9600b992 @ Fri Jul 17 15:28:32 UTC 2026
// 同步 ID: 230ba70d @ Fri Jul 17 18:55:48 UTC 2026
// 重构日志: 74a70445
// 重构日志: 12d0ddd3
// 重构日志: 8789d149
// 重构日志: d8b55fc7
// 同步 ID: fd7206b0 @ Sun Jul 19 14:56:54 UTC 2026
// 同步 ID: aa745a76 @ Sun Jul 19 19:29:07 UTC 2026
// 重构日志: 983b1e64
// 同步 ID: f0f4504e @ Mon Jul 20 14:05:47 UTC 2026
// 同步 ID: b3409824 @ Tue Jul 21 13:52:35 UTC 2026
// 重构日志: 46b68216
// 同步 ID: f46732b8 @ Wed Jul 22 04:52:32 UTC 2026
// 重构日志: e4cee28d
// 重构日志: c2bc0828
// 重构日志: 261980ce
// 重构日志: 7030d44b
// 重构日志: b58b3888
// 重构日志: 1445b237
// 同步 ID: 92b068a0 @ Sat Jul 25 15:05:57 UTC 2026
// 重构日志: b3e8d8e7
// 重构日志: c7d8c440
// 重构日志: 1614b6f9
// 重构日志: 65a501e5
// 重构日志: f71574de
// 重构日志: 7a0630f4
// 同步 ID: d9fac29c @ Wed Jul 29 08:58:45 UTC 2026
